00:20.422  render           | Saved: 'C:\Users\lucas\OneDrive\Desktop\To up\ilha_shadowgarden\_studio\water\v3\CAM_SG_Ref_Main.jpg'
00:20.937  render           | Saved: 'C:\Users\lucas\OneDrive\Desktop\To up\ilha_shadowgarden\_studio\water\v3\CAM_SG_Front.jpg'
00:21.453  render           | Saved: 'C:\Users\lucas\OneDrive\Desktop\To up\ilha_shadowgarden\_studio\water\v3\CAM_SG_Left.jpg'
00:21.984  render           | Saved: 'C:\Users\lucas\OneDrive\Desktop\To up\ilha_shadowgarden\_studio\water\v3\CAM_SGWater_West_Near.jpg'
00:22.453  render           | Saved: 'C:\Users\lucas\OneDrive\Desktop\To up\ilha_shadowgarden\_studio\water\v3\CAM_SGWater_West_Below.jpg'
00:22.953  render           | Saved: 'C:\Users\lucas\OneDrive\Desktop\To up\ilha_shadowgarden\_studio\water\v3\CAM_SGWater_West_PlayerHeight.jpg'
00:23.469  render           | Saved: 'C:\Users\lucas\OneDrive\Desktop\To up\ilha_shadowgarden\_studio\water\v3\CAM_SGWater_East_Near.jpg'
00:23.937  render           | Saved: 'C:\Users\lucas\OneDrive\Desktop\To up\ilha_shadowgarden\_studio\water\v3\CAM_SGWater_East_Below.jpg'
00:24.390  render           | Saved: 'C:\Users\lucas\OneDrive\Desktop\To up\ilha_shadowgarden\_studio\water\v3\CAM_SGWater_East_PlayerHeight.jpg'
00:24.969  render           | Saved: 'C:\Users\lucas\OneDrive\Desktop\To up\ilha_shadowgarden\_studio\water\v3\CAM_SGWater_North_Near.jpg'
00:25.437  render           | Saved: 'C:\Users\lucas\OneDrive\Desktop\To up\ilha_shadowgarden\_studio\water\v3\CAM_SGWater_North_Below.jpg'
00:25.922  render           | Saved: 'C:\Users\lucas\OneDrive\Desktop\To up\ilha_shadowgarden\_studio\water\v3\CAM_SGWater_North_PlayerHeight.jpg'
00:26.375  render           | Saved: 'C:\Users\lucas\OneDrive\Desktop\To up\ilha_shadowgarden\_studio\water\v3\CAM_SGWater_South_Near.jpg'
00:26.828  render           | Saved: 'C:\Users\lucas\OneDrive\Desktop\To up\ilha_shadowgarden\_studio\water\v3\CAM_SGWater_South_Below.jpg'
00:27.312  render           | Saved: 'C:\Users\lucas\OneDrive\Desktop\To up\ilha_shadowgarden\_studio\water\v3\CAM_SGWater_South_PlayerHeight.jpg'
COMPOSITOR ok
DUN folga dos minerios: OK (nenhuma colisao a menos de 5 de DUN_ORE_* ate piso+12)
WATER West bancada crista=(-124.9, -52.0, 43.15) corrida=4.7 pe=(-127.8, -52.0, -60.0) polys=2146 quebras=[(34.2, 1.4, 2.8)]
WATER West perfil [(43.2, 0.0), (42.2, 0.75), (40.2, 1.3), (34.6, 1.39), (34.2, 2.84), (25.6, 2.84), (17.0, 2.84), (8.5, 2.84), (-0.1, 2.84), (-8.6, 2.85), (-17.2, 2.85), (-25.8, 2.85), (-34.3, 2.85), (-42.9, 2.86), (-51.4, 2.86), (-60.0, 2.86)]
WATER East bancada crista=(150.7, -112.0, 35.15) corrida=8.3 pe=(159.9, -112.0, -60.0) polys=1964 quebras=[(34.9, 0.8, 2.0), (-18.1, 2.6, 8.5)]
WATER East perfil [(35.2, 0.0), (35.2, 0.75), (35.0, 1.41), (34.2, 1.95), (32.2, 2.06), (24.7, 2.2), (17.2, 2.34), (9.7, 2.48), (2.2, 2.63), (-4.5, 2.63), (-11.2, 2.63), (-17.8, 2.63), (-17.8, 2.63), (-18.0, 5.86), (-18.8, 8.51), (-24.8, 9.2), (-33.6, 9.2), (-42.4, 9.2), (-51.2, 9.2), (-60.0, 9.2)]
WATER North bancada crista=(-52.31, 192.85, 51.15) corrida=16.5 pe=(-55.6, 202.0, -60.0) polys=2072 quebras=[(18.9, 2.7, 4.7), (-29.1, 5.1, 9.5)]
WATER North perfil [(51.2, 0.0), (50.2, 0.75), (48.2, 1.3), (43.2, 1.38), (42.2, 1.7), (41.2, 1.78), (35.2, 1.87), (34.2, 2.66), (26.7, 2.68), (19.2, 2.7), (19.2, 2.7), (19.0, 3.77), (18.2, 4.65), (11.2, 4.71), (4.2, 4.76), (-2.8, 4.82), (-7.8, 5.07), (-14.8, 5.07), (-21.8, 5.07), (-28.8, 5.07), (-28.8, 5.07), (-29.0, 7.51), (-29.8, 9.5), (-33.8, 9.7), (-42.6, 9.7), (-51.3, 9.7), (-60.0, 9.7)]
WATER South fenda crista=(-28.49, -190.91, 29.98) corrida=0.15 pe=(-30.9, -191.8, -60.0) polys=1729 quebras=[]
WATER South perfil [(30.0, 0.0), (29.0, 0.87), (27.0, 1.3), (18.3, 1.43), (9.6, 1.56), (0.9, 1.69), (-7.8, 1.82), (-16.5, 1.95), (-25.2, 2.08), (-33.9, 2.21), (-42.6, 2.34), (-51.3, 2.47), (-60.0, 2.6)]
STUDIO modulo sg_water 0.3s
SCENE emissivos limitados: 34 materiais
STUDIO METRICAS zona=water objetos=4 malhas=4
STUDIO tris=8930/15000 OK | MeshParts~18/25 OK | materiais_novos=0/2 OK []
STUDIO colisoes=0/10 OK | luzes=0 (de dia <= 0)
STUDIO maiores: [(2940, 'SG_Water_Fall_North'), (2404, 'SG_Water_Fall_East'), (2032, 'SG_Water_Fall_West'), (1554, 'SG_Water_Fall_South')]
STUDIO tecnico: nomes_ruins=[] prefixo_fora_do_padrao=[] sem_material=[] degeneradas=0
STUDIO marcadores obrigatorios: 0/0 OK
COL faces: 4704
OK   ROTA DB_ANCORA->SG_ENTRADA
OK   ROTA ENTRADA->CASTELO_MINING_HALL
OK   ROTA ENTRADA->SUMMON
OK   ROTA ENTRADA->CRAFT
OK   ROTA ENTRADA->DUNGEON
OK   ROTA VILA->CASTELO
OK   ROTA CASTELO->CRAFT
OK   ROTA CASTELO->DUNGEON
OK   ROTA CASTELO->PORTAO_DS
OK   ROTA DUNGEON->CRAFT
OK   ROTA CRAFT->CASTELO
OK   ROTA VILA_BAIXA_LESTE->PRACA
OK   ROTA PRACA_VOLTA
OK   ROTA DUNGEON_SALAS_R1->R3
ROTAS 14/14 OK
OK   ROTA PORTAO_DS_ABERTO->ANCORA
ROTAS_ABERTAS 1/1 OK
OK   ROTA sg_terrain:P1_pe_do_arrimo_O
OK   ROTA sg_terrain:P1_pe_do_arrimo_L
OK   ROTA sg_terrain:P2_pe_da_muralha_O
OK   ROTA sg_terrain:P2_pe_da_muralha_L
OK   ROTA sg_entry:PATIO_PORTICO_A_LATERAL
OK   ROTA sg_entry:CALCADA_PORTICO_B_LATERAL
OK   ROTA sg_village:VIL_RUA_P1_OESTE
OK   ROTA sg_village:VIL_RUA_P1_LESTE
OK   ROTA sg_village:VIL_RUA_P2
OK   ROTA sg_village:VIL_EIXO_P2
OK   ROTA sg_village:VIL_PRACA_ANEL
OK   ROTA sg_castle:PATIO->BECO_OESTE->TERRACO
OK   ROTA sg_hall:SALAO_VOLTA
OK   ROTA sg_summon:PAD->PATAMAR
OK   ROTA sg_summon:ESCADA->LADO_NORTE
OK   ROTA sg_summon:ESCADA->LADO_SUL
OK   ROTA sg_craft:CRAFT_VOLTA_CALDEIRAO
OK   ROTA sg_dungeon:PORTARIA_ATE_O_PORTAL
OK   ROTA sg_dungeon:SALA_R1_VOLTA
OK   ROTA sg_dungeon:SALA_R2_VOLTA
OK   ROTA sg_dungeon:SALA_R3_VOLTA
OK   ROTA sg_water:WATER_mirante_oeste
OK   ROTA sg_water:WATER_mirante_leste
OK   ROTA sg_water:WATER_mirante_norte
FAIL ROTA sg_water:WATER_mirante_sul  [('OBSTACULO', (-8.5, -215.5), 2.0, 'COL_SG_EntPortico_003')]
OK   ROTA sg_exit:CABECEIRA_ATRAS_DOS_PILARES
OK   ROTA sg_exit:PONTE_BEIRA_S
OK   ROTA sg_exit:PONTE_BEIRA_N
ROTAS_MODULOS 27/28 OK
OK   SONDA ANCORA_DS_borda
OK   SONDA PONTE_SAIDA_lado_N
OK   SONDA PONTE_SAIDA_lado_S
OK   SONDA PONTE_CHEGADA_lado_O
OK   SONDA PONTE_CHEGADA_lado_L
OK   SONDA CALCADA_ALTA_O
OK   SONDA CALCADA_ALTA_L
OK   SONDA PATIO_BAIXO_O
OK   SONDA SUMMON_borda_O
OK   SONDA SUMMON_borda_N
OK   SONDA PONTE_SUMMON_N
OK   SONDA P2_borda_sul_O
OK   SONDA P3_borda_sul_O
OK   SONDA P2_borda_leste
OK   SONDA VIL_P2_mirante_oeste
OK   SONDA CRAFT_estante_N
OK   SONDA CRAFT_bancada_L
OK   SONDA ILHOTA_borda_NE
OK   SONDA ANCORA_lado_S
SONDAS 19/19 OK
LARGURA rotas com trecho < 3,4 de largura: nenhuma
OK   SALAO_LIVRE colisores na zona de minerio (piso+0,3..+12): nenhum
OK   DUNGEON_LIMPA malhas de fora dentro da caixa das salas: nenhuma
STUDIO RENDER C:/Users/lucas/OneDrive/Desktop/To up/ilha_shadowgarden/_studio/water/v3\CAM_SG_Ref_Main.jpg
STUDIO RENDER C:/Users/lucas/OneDrive/Desktop/To up/ilha_shadowgarden/_studio/water/v3\CAM_SG_Front.jpg
STUDIO RENDER C:/Users/lucas/OneDrive/Desktop/To up/ilha_shadowgarden/_studio/water/v3\CAM_SG_Left.jpg
STUDIO RENDER C:/Users/lucas/OneDrive/Desktop/To up/ilha_shadowgarden/_studio/water/v3\CAM_SGWater_West_Near.jpg
STUDIO RENDER C:/Users/lucas/OneDrive/Desktop/To up/ilha_shadowgarden/_studio/water/v3\CAM_SGWater_West_Below.jpg
STUDIO RENDER C:/Users/lucas/OneDrive/Desktop/To up/ilha_shadowgarden/_studio/water/v3\CAM_SGWater_West_PlayerHeight.jpg
STUDIO RENDER C:/Users/lucas/OneDrive/Desktop/To up/ilha_shadowgarden/_studio/water/v3\CAM_SGWater_East_Near.jpg
STUDIO RENDER C:/Users/lucas/OneDrive/Desktop/To up/ilha_shadowgarden/_studio/water/v3\CAM_SGWater_East_Below.jpg
STUDIO RENDER C:/Users/lucas/OneDrive/Desktop/To up/ilha_shadowgarden/_studio/water/v3\CAM_SGWater_East_PlayerHeight.jpg
STUDIO RENDER C:/Users/lucas/OneDrive/Desktop/To up/ilha_shadowgarden/_studio/water/v3\CAM_SGWater_North_Near.jpg
STUDIO RENDER C:/Users/lucas/OneDrive/Desktop/To up/ilha_shadowgarden/_studio/water/v3\CAM_SGWater_North_Below.jpg
STUDIO RENDER C:/Users/lucas/OneDrive/Desktop/To up/ilha_shadowgarden/_studio/water/v3\CAM_SGWater_North_PlayerHeight.jpg
STUDIO RENDER C:/Users/lucas/OneDrive/Desktop/To up/ilha_shadowgarden/_studio/water/v3\CAM_SGWater_South_Near.jpg
STUDIO RENDER C:/Users/lucas/OneDrive/Desktop/To up/ilha_shadowgarden/_studio/water/v3\CAM_SGWater_South_Below.jpg
STUDIO RENDER C:/Users/lucas/OneDrive/Desktop/To up/ilha_shadowgarden/_studio/water/v3\CAM_SGWater_South_PlayerHeight.jpg
STUDIO FIM 23.2s
Blender 5.2.1 LTS (hash 9e2066aef7ef built 2026-08-25 02:38:20)

Blender quit
