COMPOSITOR ok
TER TOPO trapezios=1929
TER BORDAS pilaretes=10 pedras_de_canto=36
TER MEIO-FIOS trechos=48
TER COROA blocos=89 degraus=5 pilares=5
TER SUBSOLO casca=OK (envolve salao e salas) secao_z-80=(166.2, 418.3)
TER AGULHAS colunas=21
TER CRISTAIS aglomerados=3
sg_terrain 4.7s
sg_entry 8.4s
sg_village 36.7s
sg_castle 13.0s
sg_hall 9.2s
CAVE abobada: estratos 17, bolsas 5, estalactites 33
CAVE torre: aberturas [(270.0, 6.3, 24.6), (190.0, 14.3, 32.4), (226.0, 11.8, 30.9), (321.0, 8.4, 24.3)] pedacos 217 tochas 9
CAVE partes: 0_floor 4180, 1_bridge 1008, 2_nave 4874, 3_tower_and_spiral 7062, 4_tower_and_spiral 3942, 5_tower_and_spiral 2520, 6_gallery 7348, 7_grand_stair 2960, 8_walkways 6748, 9_portal 4278, 0_portal 312, 1_forge 4768, 2_maproom 5008, 3_dressing 3340, 4_crystals 628
CAVE build: blocos de rocha 471, estalactites 33, lajes 135, cristais 4 (6.5s)
sg_cave 6.5s
SUM ponte: faces da rocha medidas leste -170.94 oeste -177.6 -> arco de -177.60 a -170.94
ZF alivio passe 1: 382 pecas ajustadas
ZF alivio passe 2: 140 pecas ajustadas
ZF alivio passe 3: 57 pecas ajustadas
ZF alivio passe 4: 27 pecas ajustadas
ZF alivio passe 5: 24 pecas ajustadas
ZF alivio ('SG_Sum_', 'VFX_SGSUM'): 630 ajustes (8 vizinhos) 9.9s
sg_summon 11.5s
ZF alivio passe 1: 792 pecas ajustadas
ZF alivio passe 2: 440 pecas ajustadas
ZF alivio passe 3: 221 pecas ajustadas
ZF alivio ('SG_Craft_', 'VFX_SGCRAFT'): 1453 ajustes (9 vizinhos) 27.0s
sg_craft 44.0s
DUN faces degeneradas: nenhuma
DUN folga dos minerios: OK (nenhuma colisao a menos de 5 de DUN_ORE_* ate piso+12)
OK   DUN_NEXT_R2 parede 27x21x1 no vao (0.0, 197.0): livre (folga 0,5 nos lados, 1.0 em cima)
OK   DUN_NEXT_R3 parede 27x21x1 no vao (0.0, 303.0): livre (folga 0,5 nos lados, 1.0 em cima)
sg_dungeon 17.3s
WATER medido WATER_CaveFall_Base: 23.14 da estimativa do sg_core (o marcador fica no MEDIDO)
WATER AVISO WATER_Court_L: nenhuma pedra (('SG_Prop_', 'SG_Court', 'SG_Veg_', 'SG_Gar')) em volta
WATER AVISO WATER_Court_R: nenhuma pedra (('SG_Prop_', 'SG_Court', 'SG_Veg_', 'SG_Gar')) em volta
ZF alivio passe 1: 3 pecas ajustadas
ZF alivio ('SG_Water_',): 3 ajustes (39 vizinhos) 11.7s
WATER West bancada labio=(-189.0, -60.0, 42.98) boca=(-180.9, -60.0, 43.1) corrida=8.5 pe=(-193.5, -60.0, -53.0) polys=1193 quebras=[(20.0, 1.2, 4.4)]
WATER FALL_FX FX_Fall_1_Lip (-189.00, -60.00, 42.98) width=5.4
WATER FALL_FX FX_Fall_1_Step (-191.80, -60.00, 20.00) width=6.37
WATER FALL_FX FX_Fall_1_Base (-193.48, -60.00, -53.00) width=7.62
WATER East bancada labio=(175.8, -200.0, 34.98) boca=(167.3, -200.0, 35.1) corrida=8.9 pe=(180.4, -200.0, -53.0) polys=1209 quebras=[(20.0, 1.1, 4.6)]
WATER FALL_FX FX_Fall_2_Lip (175.80, -200.00, 34.98) width=5.4
WATER FALL_FX FX_Fall_2_Step (178.67, -200.00, 20.00) width=6.22
WATER FALL_FX FX_Fall_2_Base (180.45, -200.00, -53.00) width=7.39
WATER North bancada labio=(-60.52, 384.93, 50.98) boca=(-58.24, 376.43, 51.1) corrida=10.9 pe=(-61.6, 389.1, -53.0) polys=1385 quebras=[(20.0, 1.2, 4.3)]
WATER FALL_FX FX_Fall_3_Lip (-60.52, 384.93, 50.98) width=5.4
WATER FALL_FX FX_Fall_3_Step (-61.23, 387.59, 20.00) width=6.6
WATER FALL_FX FX_Fall_3_Base (-61.63, 389.10, -53.00) width=7.84
WATER South fenda labio=(-29.66, -297.04, 29.9) boca=(-26.54, -295.9, 29.9) corrida=0.42 pe=(-32.8, -298.2, -53.0) polys=11649 quebras=[(20.0, 1.2, 3.3)]
WATER FALL_FX FX_Fall_4_Lip (-29.66, -297.04, 29.90) width=3.8
WATER FALL_FX FX_Fall_4_Step (-31.75, -297.80, 20.00) width=4.38
WATER FALL_FX FX_Fall_4_Base (-32.76, -298.17, -53.00) width=5.26
WATER ESPELHO WATER_CaveFall_Base (72.00, 194.50, -13.50) level=-13.5 width=5.73
WATER ESPELHO WATER_CaveFall_Lip (72.00, 220.90, 35.00) width=2.8 drop=48.5
WATER ESPELHO WATER_CavePool (0.00, 208.00, -13.50) shape=retangulo sx=170.208 sy=22.2 level=-13.5 floor=-15.0 rim=-11.286 depth=1.5 bridge_x0=-10.4 bridge_x1=10.4
WATER ESPELHO WATER_Court_L (-58.00, 42.00, 52.80) shape=retangulo sx=32.0 sy=20.0 level=52.800000000000004 floor=52.300000000000004 depth=0.5
WATER ESPELHO WATER_Court_R (58.00, 42.00, 52.80) shape=retangulo sx=32.0 sy=20.0 level=52.800000000000004 floor=52.300000000000004 depth=0.5
WATER ESPELHO WATER_Fountain_Basin (0.00, -222.00, 38.25) shape=poligono radius=6.05 apothem=5.844 hole_r=1.583 level=38.25 floor=37.75 rim=39.02 depth=0.5
WATER ESPELHO WATER_Fountain_Bowl_1 (0.00, -222.00, 42.15) shape=poligono radius=2.902 apothem=2.847 hole_r=0.62 level=42.153 floor=42.15 rim=42.353 depth=0.003
WATER ESPELHO WATER_Fountain_Bowl_2 (0.00, -222.00, 45.20) shape=poligono radius=1.491 apothem=1.462 hole_r=1.083 level=45.2 floor=45.0 depth=0.2
WATER ESPELHO WATER_Fountain_Spout_1 (2.05, -222.00, 45.20) drop=3.05 land_pos=(2.45, -222.0, 42.15)
WATER ESPELHO WATER_Fountain_Spout_2 (0.00, -219.95, 45.20) drop=3.05 land_pos=(0.0, -219.55, 42.15)
WATER ESPELHO WATER_Fountain_Spout_3 (-2.05, -222.00, 45.20) drop=3.05 land_pos=(-2.45, -222.0, 42.15)
WATER ESPELHO WATER_Fountain_Spout_4 (-0.00, -224.05, 45.20) drop=3.05 land_pos=(-0.0, -224.45, 42.15)
WATER ESPELHO WATER_Fountain_Spout_5 (2.55, -219.45, 42.44) drop=4.19 land_pos=(3.08, -218.92, 38.25)
WATER ESPELHO WATER_Fountain_Spout_6 (-2.55, -219.45, 42.44) drop=4.19 land_pos=(-3.08, -218.92, 38.25)
WATER ESPELHO WATER_Fountain_Spout_7 (-2.55, -224.55, 42.44) drop=4.19 land_pos=(-3.08, -225.08, 38.25)
WATER ESPELHO WATER_Fountain_Spout_8 (2.55, -224.55, 42.44) drop=4.19 land_pos=(3.08, -225.08, 38.25)
WATER CAVEFALL {'lip': (72.0, 220.9, 35.0), 'foot': (72.0, 194.5, -13.5), 'width': 2.8, 'throw': 3.12, 'enter': 1.7999882698059082}
sg_water 13.5s
sg_exit 1.3s
COURT chao=1595 trapezios; gramados=2 espelhos=2 estatuas=2 arvores-marco=2
sg_court 2.8s
VEG arvores=74 (borda 19) colisoes_tronco=46 lod_mudado={(0, True): 6, (2, False): 2} saias_limitadas=1
VEG grupos_incompletos=[]
VEG recusas_borda=[('pe_degrau', 38), ('piso_proibido', 37), ('copa_no_terreno', 21), ('pe_fora_do_terreno', 18), ('arquitetura', 9), ('vizinha', 4)]
GARDEN mascara 5.7s celulas_grama=193262 excluidas={'rua': 5048, 'praca': 256, 'escada': 144, 'casa': 0, 'alquimia': 0, 'ponte': 306, 'agua': 73, 'solido': 5434}
GARDEN tufos_campo=1496/8904 (fator 0.44) manchas=10 stats={'sebe_m': 372.5, 'buxo': 10, 'flor_lua': 329, 'flor_espiga': 167, 'flor_sino': 134, 'flor_ambar': 21, 'trepadeiras': 8, 'trepadeiras_muralha': 6, 'touceiras': 1656, 'canteiros_casas': 9, 'floreiras_janela': 6, 'trepadeira_recusada': 1, 'trepadeiras_casas': 2, 'manchas': 67}
GARDEN tris por fase: {'casas': 7546, 'manchas': 5556, 'canteiros_arvore': 2548, 'campo': 14182}
GARDEN objetos (tris, materiais=MeshParts): {'SG_Veg_Gdn_B0': (10634, 8), 'SG_Veg_Gdn_B1': (12527, 8), 'SG_Veg_Gdn_B2': (6671, 6)} total_tris=29832 MeshParts=22
GARDEN_QA itens=2294 fora_do_lugar={'rua': 0, 'praca': 0, 'escada': 0, 'rota': 0, 'piso': 0, 'salao': 0, 'dungeon': 0, 'casa': 0} OK []
GARDEN FIM 7.2s
sg_veg 10.0s
PROPS postes=11 bancos=4 acesos=7
sg_props 5.0s
LIGHTS rua=8 (NightOnly) casas=8 (de dia)
sg_lights 0.0s
SCENE emissivos limitados: 38 materiais
Info: Saved as "ilha_shadowgarden.blend"
BUILD OK zonas_detalhadas=terrain,entry,village,castle,hall,cave,summon,craft,dungeon,water,exit,dressing objs=2210 tris=889049 col=1690 t=186.1s -> /home/user/To-up/ilha_shadowgarden/ilha_shadowgarden.blend
