COMPOSITOR ok
Traceback (most recent call last):
  File "/home/user/To-up/ilha_shadowgarden/sg_blockout.py", line 338, in village
    sg_relocate.run("sg_village", ("plaza",))           # praca + fonte da v3, mesma medida, transladada
    ^^^^^^^^^^^^^^^^^^^^^^^^^^^^^^^^^^^^^^^^^
  File "/home/user/To-up/ilha_shadowgarden/sg_relocate.py", line 94, in run
    mod = load(name)
          ^^^^^^^^^^
  File "/home/user/To-up/ilha_shadowgarden/sg_relocate.py", line 66, in load
    mod = importlib.import_module(name)
          ^^^^^^^^^^^^^^^^^^^^^^^^^^^^^
  File "/usr/lib/python3.11/importlib/__init__.py", line 126, in import_module
    return _bootstrap._gcd_import(name[level:], package, level)
           ^^^^^^^^^^^^^^^^^^^^^^^^^^^^^^^^^^^^^^^^^^^^^^^^^^^^
  File "<frozen importlib._bootstrap>", line 1204, in _gcd_import
  File "<frozen importlib._bootstrap>", line 1176, in _find_and_load
  File "<frozen importlib._bootstrap>", line 1147, in _find_and_load_unlocked
  File "<frozen importlib._bootstrap>", line 690, in _load_unlocked
  File "<frozen importlib._bootstrap_external>", line 940, in exec_module
  File "<frozen importlib._bootstrap>", line 241, in _call_with_frames_removed
  File "/home/user/To-up/ilha_shadowgarden/sg_village.py", line 170, in <module>
    CAMS.update(_a3_house_cams())
                ^^^^^^^^^^^^^^^^
  File "/home/user/To-up/ilha_shadowgarden/sg_village.py", line 160, in _a3_house_cams
    for nm, tp, x, y, w, d, deg, z in L.HOUSES:
                                      ^^^^^^^^
AttributeError: module 'sg_layout_v3' has no attribute 'HOUSES'
AVISO blockout: praca antiga nao rodou; praca simples
STUDIO modulo sg_entry 4.6s
SCENE emissivos limitados: 36 materiais
STUDIO METRICAS zona=entry objetos=12 malhas=3
STUDIO tris=39812/40000 OK | MeshParts~32/38 OK | materiais_novos=1/4 OK ['Stone_SGEntPave']
STUDIO colisoes=4/60 OK | luzes=5 (de dia <= 5)
STUDIO maiores: [(25332, 'SG_Ent_Bridge'), (13104, 'SG_Ent_Porticos'), (1376, 'SG_Ent_StairWalls')]
STUDIO tecnico: nomes_ruins=[] prefixo_fora_do_padrao=[] sem_material=[] degeneradas=0
STUDIO marcadores obrigatorios: 0/0 OK
COL faces: 6498
OK   ROTA DB_ANCORA->SG_ENTRADA
OK   ROTA ENTRADA->CASTELO_MINING_HALL
OK   ROTA PORTA->TRONO
OK   ROTA ENTRADA->SUMMON
OK   ROTA ENTRADA->CRAFT
OK   ROTA VILA->CASTELO
OK   ROTA CASTELO->CRAFT
OK   ROTA CASTELO->PORTAO_DS
OK   ROTA CASTELO->JARDIM_MIRANTE
OK   ROTA CRAFT->JARDIM_MIRANTE
OK   ROTA PRACA_VOLTA
OK   ROTA VILA_BAIXA_LESTE->PRACA
OK   ROTA CASA_H1_PORTA->DENTRO
OK   ROTA CASA_H1_ESCADA->ANDAR
OK   ROTA CASA_H2_PORTA->DENTRO
OK   ROTA CASA_H2_ESCADA->ANDAR
OK   ROTA CASA_H3_PORTA->DENTRO
OK   ROTA CASA_H3_ESCADA->ANDAR
OK   ROTA CASA_H4_PORTA->DENTRO
OK   ROTA CASA_H5_PORTA->DENTRO
OK   ROTA CASA_H5_ESCADA->ANDAR
OK   ROTA CASA_H6_PORTA->DENTRO
OK   ROTA CASA_H7_PORTA->DENTRO
OK   ROTA CASA_H7_ESCADA->ANDAR
OK   ROTA DUNGEON_SALAS_R1->R3
OK   ROTA SALAO_SOMBRIO_PASSARELAS
OK   ROTA SALAO_SOMBRIO_PISO
ROTAS 27/27 OK
OK   ROTA PORTAO_DS_ABERTO->ANCORA
OK   ROTA TRONO_ABERTO->ESCADA->SALAO_SOMBRIO->PORTAL
OK   ROTA PORTAL->SALAO_SOMBRIO->ESCADA->TRONO (subida)
ROTAS_ABERTAS 3/3 OK
OK   ROTA sg_terrain:P1_pe_do_arrimo_O
OK   ROTA sg_terrain:P1_pe_do_arrimo_L
OK   ROTA sg_entry:CALCADA_PORTICO_B_LATERAL
OK   ROTA sg_entry:PONTE_BEIRA_E
OK   ROTA sg_entry:PONTE_BEIRA_W
OK   ROTA sg_village:VIL_RUA_P1_OESTE
OK   ROTA sg_village:VIL_RUA_P1_LESTE
OK   ROTA sg_village:VIL_RUA_P2
OK   ROTA sg_village:VIL_PRACA_ANEL
OK   ROTA sg_castle:PATIO->PORCHE->PORTA
OK   ROTA sg_castle:PATIO->PORCHE_LADO
OK   ROTA sg_hall:SALAO_VOLTA
OK   ROTA sg_hall:NAVE_LATERAL_O
OK   ROTA sg_hall:NAVE_LATERAL_L
OK   ROTA sg_dungeon:SALA_R1_VOLTA
OK   ROTA sg_dungeon:SALA_R2_VOLTA
OK   ROTA sg_dungeon:SALA_R3_VOLTA
OK   ROTA sg_dungeon:GRUPO_VAO_R1R2
OK   ROTA sg_dungeon:GRUPO_VAO_R2R3
OK   ROTA sg_dungeon:SPAWN_R1_ATE_SAIDA
OK   ROTA sg_dungeon:SPAWN_R3_ATE_SAIDA
OK   ROTA sg_dungeon:SALA_R3_ATE_O_NICHO
OK   ROTA sg_water:WATER_mirante_oeste
OK   ROTA sg_water:WATER_mirante_leste
OK   ROTA sg_water:WATER_mirante_norte
OK   ROTA sg_water:WATER_mirante_sul
OK   ROTA sg_exit:CABECEIRA_ATRAS_DOS_PILARES
OK   ROTA sg_exit:PONTE_BEIRA_S
OK   ROTA sg_exit:PONTE_BEIRA_N
OK   ROTA sg_court:COURT_ANEL_GRAMADO_L
OK   ROTA sg_court:COURT_ANEL_GRAMADO_O
FAIL ROTA sg_court:COURT_DEGRAUS_L  [('VAZIO', (33.4, 6.0), 52.2)]
OK   ROTA sg_court:COURT_BANCO_L
OK   ROTA sg_court:COURT_BANCO_O
OK   ROTA sg_court:COURT_ESPELHO_L
OK   ROTA sg_court:COURT_ESPELHO_O
OK   ROTA sg_court:MIRANTE_TERRACO
OK   ROTA sg_veg:VEG_P1_canteiros_O
OK   ROTA sg_veg:VEG_P1_canteiros_L
OK   ROTA sg_veg:VEG_P2_ciprestes
OK   ROTA sg_props:PROP_PRACA_BORDA_N
OK   ROTA sg_props:PROP_PRACA_BORDA_S
ROTAS_MODULOS 41/42 OK
OK   SONDA ANCORA_DS_borda
OK   SONDA PONTE_SAIDA_lado_N
OK   SONDA PONTE_SAIDA_lado_S
OK   SONDA PONTE_CHEGADA_04_E
OK   SONDA PONTE_CHEGADA_04_D
OK   SONDA PONTE_CHEGADA_10_E
OK   SONDA PONTE_CHEGADA_10_D
OK   SONDA PONTE_CHEGADA_14_E
OK   SONDA PONTE_CHEGADA_14_D
OK   SONDA CALCADA_ALTA_O
OK   SONDA CALCADA_ALTA_L
OK   SONDA PATIO_BAIXO_O
OK   SONDA SUMMON_borda_O
OK   SONDA SUMMON_borda_N
OK   SONDA PONTE_SUMMON_N
OK   SONDA P2_borda_sul_O
OK   SONDA P3_muralha_O
OK   SONDA P2_borda_leste
OK   SONDA TERRACO_NORTE_borda
OK   SONDA GALERIA_borda_sul
OK   SONDA PASSARELA_O_borda
OK   SONDA PONTE_SUSPENSA_lado
OK   SONDA RIO_borda_norte
OK   SONDA ESCADA_CARACOL_guarda
OK   SONDA TRONO_FECHADO_tapa_o_arco
OK   SONDA ILHOTA_borda_NE
OK   SONDA ANCORA_lado_S
SONDAS 27/27 OK
LARGURA rotas com trecho < 3,4 de largura: ['CASA_H1_ESCADA->ANDAR', 'CASA_H2_ESCADA->ANDAR', 'CASA_H3_ESCADA->ANDAR', 'CASA_H5_ESCADA->ANDAR', 'CASA_H7_ESCADA->ANDAR', 'SALAO_SOMBRIO_PISO']
OK   SALAO_LIVRE colisores na zona de minerio (piso+0,3..+12): nenhum
OK   DUNGEON_LIMPA malhas de fora dentro da caixa das salas: nenhuma
OK   CAVE_LIVRE malhas de fora dentro da caixa do salao sombrio: nenhuma
EGL Error (0x3009): EGL_BAD_MATCH: Arguments are inconsistent (for example, a valid context requires buffers not supplied by a valid surface).
EGL Error (0x3009): EGL_BAD_MATCH: Arguments are inconsistent (for example, a valid context requires buffers not supplied by a valid surface).
EGL Error (0x3009): EGL_BAD_MATCH: Arguments are inconsistent (for example, a valid context requires buffers not supplied by a valid surface).
00:31.877  render           | Saved: '/home/user/To-up/ilha_shadowgarden/renders/finesse3/E/depois_roblox/CAM_A3_01_Ponte_Parapeito.jpg'
STUDIO RENDER /home/user/To-up/ilha_shadowgarden/renders/finesse3/E/depois_roblox/CAM_A3_01_Ponte_Parapeito.jpg
01:00.607  render           | Saved: '/home/user/To-up/ilha_shadowgarden/renders/finesse3/E/depois_roblox/CAM_SGEnt_PylonLancet.jpg'
STUDIO RENDER /home/user/To-up/ilha_shadowgarden/renders/finesse3/E/depois_roblox/CAM_SGEnt_PylonLancet.jpg
01:42.652  render           | Saved: '/home/user/To-up/ilha_shadowgarden/renders/finesse3/E/depois_roblox/CAM_A3_01_Ponte_Encontro.jpg'
STUDIO RENDER /home/user/To-up/ilha_shadowgarden/renders/finesse3/E/depois_roblox/CAM_A3_01_Ponte_Encontro.jpg
STUDIO FIM 101.9s
