00:00.715  blend            | Read blend: "/home/user/To-up/ilha_shadowgarden/ilha_shadowgarden.blend"
COL faces: 10146
OK   ROTA DB_ANCORA->SG_ENTRADA
OK   ROTA ENTRADA->CASTELO_MINING_HALL
OK   ROTA PORTA->TRONO
OK   ROTA ENTRADA->SUMMON
OK   ROTA ENTRADA->CRAFT
OK   ROTA VILA->CASTELO
OK   ROTA CASTELO->CRAFT
OK   ROTA CASTELO->PORTAO_DS
OK   ROTA CASTELO->JARDIM_MIRANTE
OK   ROTA CRAFT->JARDIM_MIRANTE
OK   ROTA PRACA_VOLTA
OK   ROTA VILA_BAIXA_LESTE->PRACA
FAIL ROTA CASA_H1_PORTA->DENTRO  [('OBSTACULO', (-93.0, -252.8), 2.0, 'COL_SG_VilHouseH1_016')]
FAIL ROTA CASA_H1_ESCADA->ANDAR  [('OBSTACULO', (-78.4, -266.4), 2.0, 'COL_SG_VilHouseH1_017')]
FAIL ROTA CASA_H2_PORTA->DENTRO  [('OBSTACULO', (-96.0, -183.0), 2.0, 'COL_SG_VilHouseH2_013')]
FAIL ROTA CASA_H2_ESCADA->ANDAR  [('OBSTACULO', (-92.5, -177.4), 2.0, 'COL_SG_VilHouseH2_001')]
OK   ROTA CASA_H3_PORTA->DENTRO
OK   ROTA CASA_H3_ESCADA->ANDAR
OK   ROTA CASA_H4_PORTA->DENTRO
OK   ROTA CASA_H5_PORTA->DENTRO
FAIL ROTA CASA_H5_ESCADA->ANDAR  [('OBSTACULO', (-62.0, -112.2), 2.0, 'COL_SG_VilHouseH5_016')]
OK   ROTA CASA_H6_PORTA->DENTRO
OK   ROTA CASA_H7_PORTA->DENTRO
OK   ROTA CASA_H7_ESCADA->ANDAR
OK   ROTA DUNGEON_SALAS_R1->R3
OK   ROTA SALAO_SOMBRIO_PASSARELAS
OK   ROTA SALAO_SOMBRIO_PISO
ROTAS 22/27 OK
OK   ROTA PORTAO_DS_ABERTO->ANCORA
OK   ROTA TRONO_ABERTO->ESCADA->SALAO_SOMBRIO->PORTAL
OK   ROTA PORTAL->SALAO_SOMBRIO->ESCADA->TRONO (subida)
ROTAS_ABERTAS 3/3 OK
OK   ROTA sg_terrain:P1_pe_do_arrimo_O
OK   ROTA sg_terrain:P1_pe_do_arrimo_L
OK   ROTA sg_entry:CALCADA_PORTICO_B_LATERAL
OK   ROTA sg_entry:PONTE_BEIRA_E
OK   ROTA sg_entry:PONTE_BEIRA_W
OK   ROTA sg_village:VIL_RUA_P1_OESTE
OK   ROTA sg_village:VIL_RUA_P1_LESTE
OK   ROTA sg_village:VIL_RUA_P2
OK   ROTA sg_village:VIL_PRACA_ANEL
OK   ROTA sg_castle:PATIO->PORCHE->PORTA
OK   ROTA sg_castle:PATIO->PORCHE_LADO
OK   ROTA sg_hall:SALAO_VOLTA
OK   ROTA sg_hall:NAVE_LATERAL_O
OK   ROTA sg_hall:NAVE_LATERAL_L
OK   ROTA sg_summon:PAD->PATAMAR
OK   ROTA sg_summon:ESCADA->LADO_NORTE
OK   ROTA sg_summon:ESCADA->LADO_SUL
OK   ROTA sg_craft:CRAFT_VOLTA_CALDEIRAO
OK   ROTA sg_dungeon:SALA_R1_VOLTA
OK   ROTA sg_dungeon:SALA_R2_VOLTA
OK   ROTA sg_dungeon:SALA_R3_VOLTA
OK   ROTA sg_dungeon:GRUPO_VAO_R1R2
OK   ROTA sg_dungeon:GRUPO_VAO_R2R3
OK   ROTA sg_dungeon:SPAWN_R1_ATE_SAIDA
OK   ROTA sg_dungeon:SPAWN_R3_ATE_SAIDA
OK   ROTA sg_dungeon:SALA_R3_ATE_O_NICHO
OK   ROTA sg_water:WATER_mirante_oeste
OK   ROTA sg_water:WATER_mirante_leste
OK   ROTA sg_water:WATER_mirante_norte
OK   ROTA sg_water:WATER_mirante_sul
OK   ROTA sg_exit:CABECEIRA_ATRAS_DOS_PILARES
OK   ROTA sg_exit:PONTE_BEIRA_S
OK   ROTA sg_exit:PONTE_BEIRA_N
OK   ROTA sg_court:COURT_ANEL_GRAMADO_L
OK   ROTA sg_court:COURT_ANEL_GRAMADO_O
OK   ROTA sg_court:COURT_DEGRAUS_L
OK   ROTA sg_court:COURT_BANCO_L
OK   ROTA sg_court:COURT_BANCO_O
OK   ROTA sg_court:COURT_ESPELHO_L
OK   ROTA sg_court:COURT_ESPELHO_O
OK   ROTA sg_court:MIRANTE_TERRACO
OK   ROTA sg_veg:VEG_P1_canteiros_O
OK   ROTA sg_veg:VEG_P1_canteiros_L
OK   ROTA sg_veg:VEG_P2_ciprestes
OK   ROTA sg_props:PROP_PRACA_BORDA_N
OK   ROTA sg_props:PROP_PRACA_BORDA_S
ROTAS_MODULOS 46/46 OK
OK   SONDA ANCORA_DS_borda
OK   SONDA PONTE_SAIDA_lado_N
OK   SONDA PONTE_SAIDA_lado_S
OK   SONDA PONTE_CHEGADA_04_E
OK   SONDA PONTE_CHEGADA_04_D
OK   SONDA PONTE_CHEGADA_10_E
OK   SONDA PONTE_CHEGADA_10_D
OK   SONDA PONTE_CHEGADA_14_E
OK   SONDA PONTE_CHEGADA_14_D
OK   SONDA CALCADA_ALTA_O
OK   SONDA CALCADA_ALTA_L
OK   SONDA PATIO_BAIXO_O
OK   SONDA SUMMON_borda_O
OK   SONDA SUMMON_borda_N
OK   SONDA PONTE_SUMMON_N
OK   SONDA P2_borda_sul_O
OK   SONDA P3_muralha_O
OK   SONDA P2_borda_leste
OK   SONDA TERRACO_NORTE_borda
OK   SONDA GALERIA_borda_sul
OK   SONDA PASSARELA_O_borda
OK   SONDA PONTE_SUSPENSA_lado
OK   SONDA RIO_borda_norte
OK   SONDA ESCADA_CARACOL_guarda
OK   SONDA TRONO_FECHADO_tapa_o_arco
OK   SONDA CRAFT_estante_N
OK   SONDA CRAFT_bancada_L
OK   SONDA ILHOTA_borda_NE
OK   SONDA ANCORA_lado_S
SONDAS 29/29 OK
LARGURA rotas com trecho < 3,4 de largura: ['ENTRADA->CRAFT', 'CASTELO->CRAFT', 'CASA_H1_PORTA->DENTRO', 'CASA_H1_ESCADA->ANDAR', 'CASA_H2_PORTA->DENTRO', 'CASA_H2_ESCADA->ANDAR', 'CASA_H3_ESCADA->ANDAR', 'CASA_H5_ESCADA->ANDAR', 'CASA_H7_ESCADA->ANDAR', 'SALAO_SOMBRIO_PISO']
MARKERS faltando=0 []
MARKERS minerio={'COMMON': 44, 'EPIC': 10, 'SUPERLEGENDARY': 2, 'UNCOMMON': 24} sobrepostos=0 dungeon=46 portao_DS_area=4
OK   SALAO_LIVRE colisores na zona de minerio (piso+0,3..+12): nenhum
OK   DUNGEON_LIMPA malhas de fora dentro da caixa das salas: nenhuma
OK   CAVE_LIVRE malhas de fora dentro da caixa do salao sombrio: nenhuma
TECH nomes_genericos=0 duplicados=0 sem_material=0 transform_nao_aplicado=0 degeneradas=0
TECH tris=889049 objetos=2210 malhas=1829 materiais=119 colisoes=1690 luzes=58
TECH maiores: [(58976, 'SG_Cave_Build'), (41440, 'SG_Craft_Furnishings'), (39676, 'SG_Dun_Rooms_Kit'), (39338, 'SG_Cas_Nave'), (37970, 'SG_Vil_Houses_P1'), (34034, 'SG_Hall_Walls'), (30838, 'SG_Cas_Muralha'), (29000, 'SG_Cas_Torres')]
